
[Job Tracker] Initialized job: train-mountaincar-5005804f
[Job Tracker] Job directory: jobs/train-mountaincar-5005804f
[Job Tracker] Output log: jobs/train-mountaincar-5005804f/train.log

=== TRAINING MODE ===
Maximum generations: 200
Population size: 60
Mutation rate: 0.2
Crossover rate: 0.5
Generation interval: 0.5
Episodes per evaluation: 3
Parallel workers: 8
Training MountainCar agent with PyTorch + PyMOO
Generations: 200, Population: 60
Network architecture: 2 -> [16, 8] -> 1
==============================================================================================
n_gen  |  n_eval  |     f_avg     |     f_min     |  reward_max  |  reward_avg  | reward_best 
==============================================================================================
     1 |       60 |  2.000000E+02 |  2.000000E+02 |      -200.00 |      -200.00 |      -200.00
     2 |      120 |  2.000000E+02 |  2.000000E+02 |      -200.00 |      -200.00 |      -200.00
     3 |      180 |  1.992722E+02 |  1.563333E+02 |      -156.33 |      -199.27 |      -156.33
     4 |      240 |  1.992722E+02 |  1.563333E+02 |      -156.33 |      -199.27 |      -156.33
     5 |      300 |  1.986611E+02 |  1.563333E+02 |      -156.33 |      -198.66 |      -156.33
     6 |      360 |  1.986611E+02 |  1.563333E+02 |      -156.33 |      -198.66 |      -156.33
     7 |      420 |  1.986611E+02 |  1.563333E+02 |      -156.33 |      -198.66 |      -156.33
     8 |      480 |  1.979333E+02 |  1.563333E+02 |      -156.33 |      -197.93 |      -156.33
     9 |      540 |  1.979333E+02 |  1.563333E+02 |      -156.33 |      -197.93 |      -156.33
    10 |      600 |  1.979333E+02 |  1.563333E+02 |      -156.33 |      -197.93 |      -156.33
    11 |      660 |  1.973222E+02 |  1.563333E+02 |      -156.33 |      -197.32 |      -156.33
    12 |      720 |  1.962056E+02 |  1.563333E+02 |      -156.33 |      -196.21 |      -156.33
    13 |      780 |  1.954778E+02 |  1.563333E+02 |      -156.33 |      -195.48 |      -156.33
    14 |      840 |  1.926556E+02 |  1.563333E+02 |      -156.33 |      -192.66 |      -156.33
    15 |      900 |  1.871556E+02 |  1.553333E+02 |      -155.33 |      -187.16 |      -155.33
    16 |      960 |  1.758167E+02 |  1.470000E+02 |      -147.00 |      -175.82 |      -147.00
    17 |     1020 |  1.596333E+02 |  1.470000E+02 |      -147.00 |      -159.63 |      -147.00
    18 |     1080 |  1.549444E+02 |  1.470000E+02 |      -147.00 |      -154.94 |      -147.00
    19 |     1140 |  1.530444E+02 |  1.470000E+02 |      -147.00 |      -153.04 |      -147.00
    20 |     1200 |  1.507667E+02 |  1.470000E+02 |      -147.00 |      -150.77 |      -147.00
    21 |     1260 |  1.483222E+02 |  1.463333E+02 |      -146.33 |      -148.32 |      -146.33
    22 |     1320 |  1.477222E+02 |  1.463333E+02 |      -146.33 |      -147.72 |      -146.33
    23 |     1380 |  1.473167E+02 |  1.463333E+02 |      -146.33 |      -147.32 |      -146.33
    24 |     1440 |  1.471444E+02 |  1.463333E+02 |      -146.33 |      -147.14 |      -146.33
    25 |     1500 |  1.469278E+02 |  1.443333E+02 |      -144.33 |      -146.93 |      -144.33
    26 |     1560 |  1.468056E+02 |  1.443333E+02 |      -144.33 |      -146.81 |      -144.33
    27 |     1620 |  1.459944E+02 |  1.136667E+02 |      -113.67 |      -145.99 |      -113.67
    28 |     1680 |  1.448889E+02 |  1.136667E+02 |      -113.67 |      -144.89 |      -113.67
    29 |     1740 |  1.429667E+02 |  1.136667E+02 |      -113.67 |      -142.97 |      -113.67
    30 |     1800 |  1.392389E+02 |  1.136667E+02 |      -113.67 |      -139.24 |      -113.67
    31 |     1860 |  1.336500E+02 |  1.130000E+02 |      -113.00 |      -133.65 |      -113.00
    32 |     1920 |  1.222333E+02 |  1.130000E+02 |      -113.00 |      -122.23 |      -113.00
    33 |     1980 |  1.134722E+02 |  1.126667E+02 |      -112.67 |      -113.47 |      -112.67
    34 |     2040 |  1.132944E+02 |  1.126667E+02 |      -112.67 |      -113.29 |      -112.67
    35 |     2100 |  1.131611E+02 |  1.126667E+02 |      -112.67 |      -113.16 |      -112.67
    36 |     2160 |  1.130111E+02 |  1.126667E+02 |      -112.67 |      -113.01 |      -112.67
    37 |     2220 |  1.129611E+02 |  1.126667E+02 |      -112.67 |      -112.96 |      -112.67
    38 |     2280 |  1.129000E+02 |  1.126667E+02 |      -112.67 |      -112.90 |      -112.67
    39 |     2340 |  1.128278E+02 |  1.126667E+02 |      -112.67 |      -112.83 |      -112.67
    40 |     2400 |  1.127278E+02 |  1.126667E+02 |      -112.67 |      -112.73 |      -112.67
    41 |     2460 |  1.126667E+02 |  1.126667E+02 |      -112.67 |      -112.67 |      -112.67
    42 |     2520 |  1.126667E+02 |  1.126667E+02 |      -112.67 |      -112.67 |      -112.67
    43 |     2580 |  1.126667E+02 |  1.126667E+02 |      -112.67 |      -112.67 |      -112.67
    44 |     2640 |  1.126667E+02 |  1.126667E+02 |      -112.67 |      -112.67 |      -112.67
    45 |     2700 |  1.126667E+02 |  1.126667E+02 |      -112.67 |      -112.67 |      -112.67
    46 |     2760 |  1.126667E+02 |  1.126667E+02 |      -112.67 |      -112.67 |      -112.67
    47 |     2820 |  1.126667E+02 |  1.126667E+02 |      -112.67 |      -112.67 |      -112.67
    48 |     2880 |  1.126667E+02 |  1.126667E+02 |      -112.67 |      -112.67 |      -112.67
    49 |     2940 |  1.126667E+02 |  1.126667E+02 |      -112.67 |      -112.67 |      -112.67
    50 |     3000 |  1.126667E+02 |  1.126667E+02 |      -112.67 |      -112.67 |      -112.67
    51 |     3060 |  1.126667E+02 |  1.126667E+02 |      -112.67 |      -112.67 |      -112.67
    52 |     3120 |  1.126667E+02 |  1.126667E+02 |      -112.67 |      -112.67 |      -112.67
    53 |     3180 |  1.126667E+02 |  1.126667E+02 |      -112.67 |      -112.67 |      -112.67
    54 |     3240 |  1.126667E+02 |  1.126667E+02 |      -112.67 |      -112.67 |      -112.67
    55 |     3300 |  1.126667E+02 |  1.126667E+02 |      -112.67 |      -112.67 |      -112.67
    56 |     3360 |  1.126611E+02 |  1.123333E+02 |      -112.33 |      -112.66 |      -112.33
    57 |     3420 |  1.126611E+02 |  1.123333E+02 |      -112.33 |      -112.66 |      -112.33
    58 |     3480 |  1.126611E+02 |  1.123333E+02 |      -112.33 |      -112.66 |      -112.33
    59 |     3540 |  1.126611E+02 |  1.123333E+02 |      -112.33 |      -112.66 |      -112.33
    60 |     3600 |  1.126611E+02 |  1.123333E+02 |      -112.33 |      -112.66 |      -112.33
    61 |     3660 |  1.126611E+02 |  1.123333E+02 |      -112.33 |      -112.66 |      -112.33
    62 |     3720 |  1.126611E+02 |  1.123333E+02 |      -112.33 |      -112.66 |      -112.33
    63 |     3780 |  1.126611E+02 |  1.123333E+02 |      -112.33 |      -112.66 |      -112.33
    64 |     3840 |  1.126556E+02 |  1.123333E+02 |      -112.33 |      -112.66 |      -112.33
    65 |     3900 |  1.126556E+02 |  1.123333E+02 |      -112.33 |      -112.66 |      -112.33
    66 |     3960 |  1.126556E+02 |  1.123333E+02 |      -112.33 |      -112.66 |      -112.33
    67 |     4020 |  1.126556E+02 |  1.123333E+02 |      -112.33 |      -112.66 |      -112.33
    68 |     4080 |  1.126556E+02 |  1.123333E+02 |      -112.33 |      -112.66 |      -112.33
    69 |     4140 |  1.126500E+02 |  1.123333E+02 |      -112.33 |      -112.65 |      -112.33
    70 |     4200 |  1.126500E+02 |  1.123333E+02 |      -112.33 |      -112.65 |      -112.33
    71 |     4260 |  1.126444E+02 |  1.123333E+02 |      -112.33 |      -112.64 |      -112.33
    72 |     4320 |  1.126444E+02 |  1.123333E+02 |      -112.33 |      -112.64 |      -112.33
    73 |     4380 |  1.126278E+02 |  1.123333E+02 |      -112.33 |      -112.63 |      -112.33
    74 |     4440 |  1.126167E+02 |  1.123333E+02 |      -112.33 |      -112.62 |      -112.33
    75 |     4500 |  1.125833E+02 |  1.123333E+02 |      -112.33 |      -112.58 |      -112.33
    76 |     4560 |  1.125333E+02 |  1.123333E+02 |      -112.33 |      -112.53 |      -112.33
    77 |     4620 |  1.124111E+02 |  1.123333E+02 |      -112.33 |      -112.41 |      -112.33
    78 |     4680 |  1.123333E+02 |  1.123333E+02 |      -112.33 |      -112.33 |      -112.33
    79 |     4740 |  1.123333E+02 |  1.123333E+02 |      -112.33 |      -112.33 |      -112.33
    80 |     4800 |  1.123333E+02 |  1.123333E+02 |      -112.33 |      -112.33 |      -112.33
    81 |     4860 |  1.123333E+02 |  1.123333E+02 |      -112.33 |      -112.33 |      -112.33
    82 |     4920 |  1.123333E+02 |  1.123333E+02 |      -112.33 |      -112.33 |      -112.33
    83 |     4980 |  1.123333E+02 |  1.123333E+02 |      -112.33 |      -112.33 |      -112.33
    84 |     5040 |  1.123333E+02 |  1.123333E+02 |      -112.33 |      -112.33 |      -112.33
    85 |     5100 |  1.123333E+02 |  1.123333E+02 |      -112.33 |      -112.33 |      -112.33
    86 |     5160 |  1.123333E+02 |  1.123333E+02 |      -112.33 |      -112.33 |      -112.33
    87 |     5220 |  1.123333E+02 |  1.123333E+02 |      -112.33 |      -112.33 |      -112.33
    88 |     5280 |  1.123333E+02 |  1.123333E+02 |      -112.33 |      -112.33 |      -112.33
    89 |     5340 |  1.123333E+02 |  1.123333E+02 |      -112.33 |      -112.33 |      -112.33
    90 |     5400 |  1.123333E+02 |  1.123333E+02 |      -112.33 |      -112.33 |      -112.33
    91 |     5460 |  1.123333E+02 |  1.123333E+02 |      -112.33 |      -112.33 |      -112.33
    92 |     5520 |  1.123333E+02 |  1.123333E+02 |      -112.33 |      -112.33 |      -112.33
    93 |     5580 |  1.123333E+02 |  1.123333E+02 |      -112.33 |      -112.33 |      -112.33
    94 |     5640 |  1.123333E+02 |  1.123333E+02 |      -112.33 |      -112.33 |      -112.33
    95 |     5700 |  1.123333E+02 |  1.123333E+02 |      -112.33 |      -112.33 |      -112.33
    96 |     5760 |  1.123333E+02 |  1.123333E+02 |      -112.33 |      -112.33 |      -112.33
    97 |     5820 |  1.123333E+02 |  1.123333E+02 |      -112.33 |      -112.33 |      -112.33
    98 |     5880 |  1.123333E+02 |  1.123333E+02 |      -112.33 |      -112.33 |      -112.33
    99 |     5940 |  1.123333E+02 |  1.123333E+02 |      -112.33 |      -112.33 |      -112.33
   100 |     6000 |  1.123333E+02 |  1.123333E+02 |      -112.33 |      -112.33 |      -112.33
   101 |     6060 |  1.123333E+02 |  1.123333E+02 |      -112.33 |      -112.33 |      -112.33
   102 |     6120 |  1.123333E+02 |  1.123333E+02 |      -112.33 |      -112.33 |      -112.33
   103 |     6180 |  1.123333E+02 |  1.123333E+02 |      -112.33 |      -112.33 |      -112.33
   104 |     6240 |  1.123333E+02 |  1.123333E+02 |      -112.33 |      -112.33 |      -112.33
   105 |     6300 |  1.123333E+02 |  1.123333E+02 |      -112.33 |      -112.33 |      -112.33
   106 |     6360 |  1.123333E+02 |  1.123333E+02 |      -112.33 |      -112.33 |      -112.33
   107 |     6420 |  1.123333E+02 |  1.123333E+02 |      -112.33 |      -112.33 |      -112.33
   108 |     6480 |  1.123333E+02 |  1.123333E+02 |      -112.33 |      -112.33 |      -112.33
   109 |     6540 |  1.123333E+02 |  1.123333E+02 |      -112.33 |      -112.33 |      -112.33
   110 |     6600 |  1.123333E+02 |  1.123333E+02 |      -112.33 |      -112.33 |      -112.33
   111 |     6660 |  1.123333E+02 |  1.123333E+02 |      -112.33 |      -112.33 |      -112.33
   112 |     6720 |  1.123333E+02 |  1.123333E+02 |      -112.33 |      -112.33 |      -112.33
   113 |     6780 |  1.123333E+02 |  1.123333E+02 |      -112.33 |      -112.33 |      -112.33
   114 |     6840 |  1.123333E+02 |  1.123333E+02 |      -112.33 |      -112.33 |      -112.33
   115 |     6900 |  1.123333E+02 |  1.123333E+02 |      -112.33 |      -112.33 |      -112.33
   116 |     6960 |  1.123333E+02 |  1.123333E+02 |      -112.33 |      -112.33 |      -112.33
   117 |     7020 |  1.123333E+02 |  1.123333E+02 |      -112.33 |      -112.33 |      -112.33
   118 |     7080 |  1.123333E+02 |  1.123333E+02 |      -112.33 |      -112.33 |      -112.33
   119 |     7140 |  1.123333E+02 |  1.123333E+02 |      -112.33 |      -112.33 |      -112.33
   120 |     7200 |  1.123333E+02 |  1.123333E+02 |      -112.33 |      -112.33 |      -112.33
   121 |     7260 |  1.123333E+02 |  1.123333E+02 |      -112.33 |      -112.33 |      -112.33
   122 |     7320 |  1.123333E+02 |  1.123333E+02 |      -112.33 |      -112.33 |      -112.33
   123 |     7380 |  1.123333E+02 |  1.123333E+02 |      -112.33 |      -112.33 |      -112.33
   124 |     7440 |  1.123333E+02 |  1.123333E+02 |      -112.33 |      -112.33 |      -112.33
   125 |     7500 |  1.123333E+02 |  1.123333E+02 |      -112.33 |      -112.33 |      -112.33
   126 |     7560 |  1.123333E+02 |  1.123333E+02 |      -112.33 |      -112.33 |      -112.33
   127 |     7620 |  1.123333E+02 |  1.123333E+02 |      -112.33 |      -112.33 |      -112.33
   128 |     7680 |  1.123333E+02 |  1.123333E+02 |      -112.33 |      -112.33 |      -112.33
   129 |     7740 |  1.123333E+02 |  1.123333E+02 |      -112.33 |      -112.33 |      -112.33
   130 |     7800 |  1.123333E+02 |  1.123333E+02 |      -112.33 |      -112.33 |      -112.33
   131 |     7860 |  1.123333E+02 |  1.123333E+02 |      -112.33 |      -112.33 |      -112.33
   132 |     7920 |  1.123333E+02 |  1.123333E+02 |      -112.33 |      -112.33 |      -112.33
   133 |     7980 |  1.123333E+02 |  1.123333E+02 |      -112.33 |      -112.33 |      -112.33
   134 |     8040 |  1.123333E+02 |  1.123333E+02 |      -112.33 |      -112.33 |      -112.33
   135 |     8100 |  1.123333E+02 |  1.123333E+02 |      -112.33 |      -112.33 |      -112.33
   136 |     8160 |  1.123333E+02 |  1.123333E+02 |      -112.33 |      -112.33 |      -112.33
   137 |     8220 |  1.123333E+02 |  1.123333E+02 |      -112.33 |      -112.33 |      -112.33
   138 |     8280 |  1.123333E+02 |  1.123333E+02 |      -112.33 |      -112.33 |      -112.33
   139 |     8340 |  1.123333E+02 |  1.123333E+02 |      -112.33 |      -112.33 |      -112.33
   140 |     8400 |  1.123333E+02 |  1.123333E+02 |      -112.33 |      -112.33 |      -112.33
   141 |     8460 |  1.123333E+02 |  1.123333E+02 |      -112.33 |      -112.33 |      -112.33
   142 |     8520 |  1.123333E+02 |  1.123333E+02 |      -112.33 |      -112.33 |      -112.33
   143 |     8580 |  1.123333E+02 |  1.123333E+02 |      -112.33 |      -112.33 |      -112.33
   144 |     8640 |  1.123333E+02 |  1.123333E+02 |      -112.33 |      -112.33 |      -112.33
   145 |     8700 |  1.123333E+02 |  1.123333E+02 |      -112.33 |      -112.33 |      -112.33
   146 |     8760 |  1.123333E+02 |  1.123333E+02 |      -112.33 |      -112.33 |      -112.33
   147 |     8820 |  1.123333E+02 |  1.123333E+02 |      -112.33 |      -112.33 |      -112.33
   148 |     8880 |  1.123333E+02 |  1.123333E+02 |      -112.33 |      -112.33 |      -112.33
   149 |     8940 |  1.123333E+02 |  1.123333E+02 |      -112.33 |      -112.33 |      -112.33
   150 |     9000 |  1.123333E+02 |  1.123333E+02 |      -112.33 |      -112.33 |      -112.33
   151 |     9060 |  1.123333E+02 |  1.123333E+02 |      -112.33 |      -112.33 |      -112.33
   152 |     9120 |  1.123333E+02 |  1.123333E+02 |      -112.33 |      -112.33 |      -112.33
   153 |     9180 |  1.123333E+02 |  1.123333E+02 |      -112.33 |      -112.33 |      -112.33
   154 |     9240 |  1.123333E+02 |  1.123333E+02 |      -112.33 |      -112.33 |      -112.33
   155 |     9300 |  1.123333E+02 |  1.123333E+02 |      -112.33 |      -112.33 |      -112.33
   156 |     9360 |  1.123333E+02 |  1.123333E+02 |      -112.33 |      -112.33 |      -112.33
   157 |     9420 |  1.123333E+02 |  1.123333E+02 |      -112.33 |      -112.33 |      -112.33
   158 |     9480 |  1.123333E+02 |  1.123333E+02 |      -112.33 |      -112.33 |      -112.33
   159 |     9540 |  1.123333E+02 |  1.123333E+02 |      -112.33 |      -112.33 |      -112.33
   160 |     9600 |  1.123333E+02 |  1.123333E+02 |      -112.33 |      -112.33 |      -112.33
   161 |     9660 |  1.123333E+02 |  1.123333E+02 |      -112.33 |      -112.33 |      -112.33
   162 |     9720 |  1.123333E+02 |  1.123333E+02 |      -112.33 |      -112.33 |      -112.33
   163 |     9780 |  1.123333E+02 |  1.123333E+02 |      -112.33 |      -112.33 |      -112.33
   164 |     9840 |  1.123333E+02 |  1.123333E+02 |      -112.33 |      -112.33 |      -112.33
   165 |     9900 |  1.123333E+02 |  1.123333E+02 |      -112.33 |      -112.33 |      -112.33
   166 |     9960 |  1.123333E+02 |  1.123333E+02 |      -112.33 |      -112.33 |      -112.33
   167 |    10020 |  1.123333E+02 |  1.123333E+02 |      -112.33 |      -112.33 |      -112.33
   168 |    10080 |  1.123333E+02 |  1.123333E+02 |      -112.33 |      -112.33 |      -112.33
   169 |    10140 |  1.123333E+02 |  1.123333E+02 |      -112.33 |      -112.33 |      -112.33
   170 |    10200 |  1.123333E+02 |  1.123333E+02 |      -112.33 |      -112.33 |      -112.33
   171 |    10260 |  1.123333E+02 |  1.123333E+02 |      -112.33 |      -112.33 |      -112.33
   172 |    10320 |  1.123333E+02 |  1.123333E+02 |      -112.33 |      -112.33 |      -112.33
   173 |    10380 |  1.123333E+02 |  1.123333E+02 |      -112.33 |      -112.33 |      -112.33
   174 |    10440 |  1.123333E+02 |  1.123333E+02 |      -112.33 |      -112.33 |      -112.33
   175 |    10500 |  1.123333E+02 |  1.123333E+02 |      -112.33 |      -112.33 |      -112.33
   176 |    10560 |  1.123333E+02 |  1.123333E+02 |      -112.33 |      -112.33 |      -112.33
   177 |    10620 |  1.123333E+02 |  1.123333E+02 |      -112.33 |      -112.33 |      -112.33
   178 |    10680 |  1.123333E+02 |  1.123333E+02 |      -112.33 |      -112.33 |      -112.33
   179 |    10740 |  1.123333E+02 |  1.123333E+02 |      -112.33 |      -112.33 |      -112.33
   180 |    10800 |  1.123333E+02 |  1.123333E+02 |      -112.33 |      -112.33 |      -112.33
   181 |    10860 |  1.123333E+02 |  1.123333E+02 |      -112.33 |      -112.33 |      -112.33
   182 |    10920 |  1.123333E+02 |  1.123333E+02 |      -112.33 |      -112.33 |      -112.33
   183 |    10980 |  1.123333E+02 |  1.123333E+02 |      -112.33 |      -112.33 |      -112.33
   184 |    11040 |  1.123333E+02 |  1.123333E+02 |      -112.33 |      -112.33 |      -112.33
   185 |    11100 |  1.123333E+02 |  1.123333E+02 |      -112.33 |      -112.33 |      -112.33
   186 |    11160 |  1.123333E+02 |  1.123333E+02 |      -112.33 |      -112.33 |      -112.33
   187 |    11220 |  1.123333E+02 |  1.123333E+02 |      -112.33 |      -112.33 |      -112.33
   188 |    11280 |  1.123333E+02 |  1.123333E+02 |      -112.33 |      -112.33 |      -112.33
   189 |    11340 |  1.123333E+02 |  1.123333E+02 |      -112.33 |      -112.33 |      -112.33
   190 |    11400 |  1.123333E+02 |  1.123333E+02 |      -112.33 |      -112.33 |      -112.33
   191 |    11460 |  1.123333E+02 |  1.123333E+02 |      -112.33 |      -112.33 |      -112.33
   192 |    11520 |  1.123333E+02 |  1.123333E+02 |      -112.33 |      -112.33 |      -112.33
   193 |    11580 |  1.123333E+02 |  1.123333E+02 |      -112.33 |      -112.33 |      -112.33
   194 |    11640 |  1.123333E+02 |  1.123333E+02 |      -112.33 |      -112.33 |      -112.33
   195 |    11700 |  1.123333E+02 |  1.123333E+02 |      -112.33 |      -112.33 |      -112.33
   196 |    11760 |  1.123333E+02 |  1.123333E+02 |      -112.33 |      -112.33 |      -112.33
   197 |    11820 |  1.123333E+02 |  1.123333E+02 |      -112.33 |      -112.33 |      -112.33
   198 |    11880 |  1.123333E+02 |  1.123333E+02 |      -112.33 |      -112.33 |      -112.33
   199 |    11940 |  1.123333E+02 |  1.123333E+02 |      -112.33 |      -112.33 |      -112.33
   200 |    12000 |  1.123333E+02 |  1.123333E+02 |      -112.33 |      -112.33 |      -112.33
Model saved:
- PyTorch model: jobs/train-mountaincar-5005804f/mountaincar_best.pth
- Weights vector: jobs/train-mountaincar-5005804f/mountaincar_weights.npy
- Learning curve: jobs/train-mountaincar-5005804f/mountaincar_learning_curve.png

Training completed!
Best fitness: -112.33
Success threshold: -110
Training completed after 200 generations. Best fitness: -112.33

=== EVALUATING TRAINED AGENT ===
Testing trained agent without rendering:
Episode 1: reward = -164.0
Episode 2: reward = -164.0
Episode 3: reward = -91.0
Episode 4: reward = -87.0
Episode 5: reward = -166.0
Episode 6: reward = -85.0
Episode 7: reward = -91.0
Episode 8: reward = -129.0
Episode 9: reward = -85.0
Episode 10: reward = -85.0

Average reward over 10 episodes: -114.70
Standard deviation: 34.98

Not quite there yet. Average reward -114.70, threshold is -110
[Job Tracker] Promoted best artifacts to top-level: checkpoints/mountaincar_best.pth, checkpoints/mountaincar_weights.npy, checkpoints/mountaincar_learning_curve.png
Loaded PyTorch model from checkpoints/mountaincar_best.pth

=== RECORDING GIF ===
Recorded GIF (91 frames, reward=-90.00) -> assets/mountaincar.gif
