
[Job Tracker] Initialized job: train-mountaincar-8ad2d957
[Job Tracker] Job directory: jobs/train-mountaincar-8ad2d957
[Job Tracker] Output log: jobs/train-mountaincar-8ad2d957/train.log

=== TRAINING MODE ===
Maximum generations: 200
Population size: 60
Mutation rate: 0.08
Crossover rate: 0.9
Generation interval: 0.5
Episodes per evaluation: 3
Parallel workers: 8
Training MountainCar agent with PyTorch + PyMOO
Generations: 200, Population: 60
Network architecture: 2 -> [16, 8] -> 1
==============================================================================================
n_gen  |  n_eval  |     f_avg     |     f_min     |  reward_max  |  reward_avg  | reward_best 
==============================================================================================
     1 |       60 |  2.000000E+02 |  2.000000E+02 |      -200.00 |      -200.00 |      -200.00
     2 |      120 |  2.000000E+02 |  2.000000E+02 |      -200.00 |      -200.00 |      -200.00
     3 |      180 |  2.000000E+02 |  2.000000E+02 |      -200.00 |      -200.00 |      -200.00
     4 |      240 |  2.000000E+02 |  2.000000E+02 |      -200.00 |      -200.00 |      -200.00
     5 |      300 |  2.000000E+02 |  2.000000E+02 |      -200.00 |      -200.00 |      -200.00
     6 |      360 |  2.000000E+02 |  2.000000E+02 |      -200.00 |      -200.00 |      -200.00
     7 |      420 |  2.000000E+02 |  2.000000E+02 |      -200.00 |      -200.00 |      -200.00
     8 |      480 |  1.996833E+02 |  1.810000E+02 |      -181.00 |      -199.68 |      -181.00
     9 |      540 |  1.996833E+02 |  1.810000E+02 |      -181.00 |      -199.68 |      -181.00
    10 |      600 |  1.996833E+02 |  1.810000E+02 |      -181.00 |      -199.68 |      -181.00
    11 |      660 |  1.996833E+02 |  1.810000E+02 |      -181.00 |      -199.68 |      -181.00
    12 |      720 |  1.996833E+02 |  1.810000E+02 |      -181.00 |      -199.68 |      -181.00
    13 |      780 |  1.996833E+02 |  1.810000E+02 |      -181.00 |      -199.68 |      -181.00
    14 |      840 |  1.996833E+02 |  1.810000E+02 |      -181.00 |      -199.68 |      -181.00
    15 |      900 |  1.996833E+02 |  1.810000E+02 |      -181.00 |      -199.68 |      -181.00
    16 |      960 |  1.990167E+02 |  1.600000E+02 |      -160.00 |      -199.02 |      -160.00
    17 |     1020 |  1.990167E+02 |  1.600000E+02 |      -160.00 |      -199.02 |      -160.00
    18 |     1080 |  1.990167E+02 |  1.600000E+02 |      -160.00 |      -199.02 |      -160.00
    19 |     1140 |  1.990167E+02 |  1.600000E+02 |      -160.00 |      -199.02 |      -160.00
    20 |     1200 |  1.990167E+02 |  1.600000E+02 |      -160.00 |      -199.02 |      -160.00
    21 |     1260 |  1.989889E+02 |  1.600000E+02 |      -160.00 |      -198.99 |      -160.00
    22 |     1320 |  1.989889E+02 |  1.600000E+02 |      -160.00 |      -198.99 |      -160.00
    23 |     1380 |  1.989889E+02 |  1.600000E+02 |      -160.00 |      -198.99 |      -160.00
    24 |     1440 |  1.986833E+02 |  1.600000E+02 |      -160.00 |      -198.68 |      -160.00
    25 |     1500 |  1.986833E+02 |  1.600000E+02 |      -160.00 |      -198.68 |      -160.00
    26 |     1560 |  1.986833E+02 |  1.600000E+02 |      -160.00 |      -198.68 |      -160.00
    27 |     1620 |  1.976944E+02 |  1.406667E+02 |      -140.67 |      -197.69 |      -140.67
    28 |     1680 |  1.976944E+02 |  1.406667E+02 |      -140.67 |      -197.69 |      -140.67
    29 |     1740 |  1.976944E+02 |  1.406667E+02 |      -140.67 |      -197.69 |      -140.67
    30 |     1800 |  1.976944E+02 |  1.406667E+02 |      -140.67 |      -197.69 |      -140.67
    31 |     1860 |  1.953778E+02 |  1.406667E+02 |      -140.67 |      -195.38 |      -140.67
    32 |     1920 |  1.953778E+02 |  1.406667E+02 |      -140.67 |      -195.38 |      -140.67
    33 |     1980 |  1.940500E+02 |  1.406667E+02 |      -140.67 |      -194.05 |      -140.67
    34 |     2040 |  1.913833E+02 |  1.406667E+02 |      -140.67 |      -191.38 |      -140.67
    35 |     2100 |  1.880556E+02 |  1.406667E+02 |      -140.67 |      -188.06 |      -140.67
    36 |     2160 |  1.820944E+02 |  1.406667E+02 |      -140.67 |      -182.09 |      -140.67
    37 |     2220 |  1.655611E+02 |  1.406667E+02 |      -140.67 |      -165.56 |      -140.67
    38 |     2280 |  1.491000E+02 |  1.403333E+02 |      -140.33 |      -149.10 |      -140.33
    39 |     2340 |  1.407056E+02 |  1.403333E+02 |      -140.33 |      -140.71 |      -140.33
    40 |     2400 |  1.405389E+02 |  1.376667E+02 |      -137.67 |      -140.54 |      -137.67
    41 |     2460 |  1.402944E+02 |  1.373333E+02 |      -137.33 |      -140.29 |      -137.33
    42 |     2520 |  1.399222E+02 |  1.373333E+02 |      -137.33 |      -139.92 |      -137.33
    43 |     2580 |  1.390667E+02 |  1.370000E+02 |      -137.00 |      -139.07 |      -137.00
    44 |     2640 |  1.374611E+02 |  1.360000E+02 |      -136.00 |      -137.46 |      -136.00
    45 |     2700 |  1.372444E+02 |  1.356667E+02 |      -135.67 |      -137.24 |      -135.67
    46 |     2760 |  1.371167E+02 |  1.350000E+02 |      -135.00 |      -137.12 |      -135.00
    47 |     2820 |  1.367444E+02 |  1.350000E+02 |      -135.00 |      -136.74 |      -135.00
    48 |     2880 |  1.359778E+02 |  1.350000E+02 |      -135.00 |      -135.98 |      -135.00
    49 |     2940 |  1.353944E+02 |  1.300000E+02 |      -130.00 |      -135.39 |      -130.00
    50 |     3000 |  1.348000E+02 |  1.296667E+02 |      -129.67 |      -134.80 |      -129.67
    51 |     3060 |  1.340722E+02 |  1.290000E+02 |      -129.00 |      -134.07 |      -129.00
    52 |     3120 |  1.327833E+02 |  1.290000E+02 |      -129.00 |      -132.78 |      -129.00
    53 |     3180 |  1.302722E+02 |  1.283333E+02 |      -128.33 |      -130.27 |      -128.33
    54 |     3240 |  1.291167E+02 |  1.280000E+02 |      -128.00 |      -129.12 |      -128.00
    55 |     3300 |  1.286667E+02 |  1.280000E+02 |      -128.00 |      -128.67 |      -128.00
    56 |     3360 |  1.284111E+02 |  1.280000E+02 |      -128.00 |      -128.41 |      -128.00
    57 |     3420 |  1.281611E+02 |  1.280000E+02 |      -128.00 |      -128.16 |      -128.00
    58 |     3480 |  1.280000E+02 |  1.280000E+02 |      -128.00 |      -128.00 |      -128.00
    59 |     3540 |  1.279944E+02 |  1.276667E+02 |      -127.67 |      -127.99 |      -127.67
    60 |     3600 |  1.279944E+02 |  1.276667E+02 |      -127.67 |      -127.99 |      -127.67
    61 |     3660 |  1.279833E+02 |  1.276667E+02 |      -127.67 |      -127.98 |      -127.67
    62 |     3720 |  1.279778E+02 |  1.276667E+02 |      -127.67 |      -127.98 |      -127.67
    63 |     3780 |  1.279444E+02 |  1.276667E+02 |      -127.67 |      -127.94 |      -127.67
    64 |     3840 |  1.279056E+02 |  1.276667E+02 |      -127.67 |      -127.91 |      -127.67
    65 |     3900 |  1.278278E+02 |  1.276667E+02 |      -127.67 |      -127.83 |      -127.67
    66 |     3960 |  1.276833E+02 |  1.276667E+02 |      -127.67 |      -127.68 |      -127.67
    67 |     4020 |  1.276667E+02 |  1.276667E+02 |      -127.67 |      -127.67 |      -127.67
    68 |     4080 |  1.276667E+02 |  1.276667E+02 |      -127.67 |      -127.67 |      -127.67
    69 |     4140 |  1.276667E+02 |  1.276667E+02 |      -127.67 |      -127.67 |      -127.67
    70 |     4200 |  1.276667E+02 |  1.276667E+02 |      -127.67 |      -127.67 |      -127.67
    71 |     4260 |  1.276667E+02 |  1.276667E+02 |      -127.67 |      -127.67 |      -127.67
    72 |     4320 |  1.276667E+02 |  1.276667E+02 |      -127.67 |      -127.67 |      -127.67
    73 |     4380 |  1.276667E+02 |  1.276667E+02 |      -127.67 |      -127.67 |      -127.67
    74 |     4440 |  1.276667E+02 |  1.276667E+02 |      -127.67 |      -127.67 |      -127.67
    75 |     4500 |  1.276667E+02 |  1.276667E+02 |      -127.67 |      -127.67 |      -127.67
    76 |     4560 |  1.276667E+02 |  1.276667E+02 |      -127.67 |      -127.67 |      -127.67
    77 |     4620 |  1.276667E+02 |  1.276667E+02 |      -127.67 |      -127.67 |      -127.67
    78 |     4680 |  1.276667E+02 |  1.276667E+02 |      -127.67 |      -127.67 |      -127.67
    79 |     4740 |  1.276667E+02 |  1.276667E+02 |      -127.67 |      -127.67 |      -127.67
    80 |     4800 |  1.276667E+02 |  1.276667E+02 |      -127.67 |      -127.67 |      -127.67
    81 |     4860 |  1.276667E+02 |  1.276667E+02 |      -127.67 |      -127.67 |      -127.67
    82 |     4920 |  1.276667E+02 |  1.276667E+02 |      -127.67 |      -127.67 |      -127.67
    83 |     4980 |  1.276667E+02 |  1.276667E+02 |      -127.67 |      -127.67 |      -127.67
    84 |     5040 |  1.276667E+02 |  1.276667E+02 |      -127.67 |      -127.67 |      -127.67
    85 |     5100 |  1.276667E+02 |  1.276667E+02 |      -127.67 |      -127.67 |      -127.67
    86 |     5160 |  1.276667E+02 |  1.276667E+02 |      -127.67 |      -127.67 |      -127.67
    87 |     5220 |  1.276667E+02 |  1.276667E+02 |      -127.67 |      -127.67 |      -127.67
    88 |     5280 |  1.276667E+02 |  1.276667E+02 |      -127.67 |      -127.67 |      -127.67
    89 |     5340 |  1.276667E+02 |  1.276667E+02 |      -127.67 |      -127.67 |      -127.67
    90 |     5400 |  1.276667E+02 |  1.276667E+02 |      -127.67 |      -127.67 |      -127.67
    91 |     5460 |  1.276667E+02 |  1.276667E+02 |      -127.67 |      -127.67 |      -127.67
    92 |     5520 |  1.276667E+02 |  1.276667E+02 |      -127.67 |      -127.67 |      -127.67
    93 |     5580 |  1.276667E+02 |  1.276667E+02 |      -127.67 |      -127.67 |      -127.67
    94 |     5640 |  1.276667E+02 |  1.276667E+02 |      -127.67 |      -127.67 |      -127.67
    95 |     5700 |  1.276667E+02 |  1.276667E+02 |      -127.67 |      -127.67 |      -127.67
    96 |     5760 |  1.276667E+02 |  1.276667E+02 |      -127.67 |      -127.67 |      -127.67
    97 |     5820 |  1.276667E+02 |  1.276667E+02 |      -127.67 |      -127.67 |      -127.67
    98 |     5880 |  1.276667E+02 |  1.276667E+02 |      -127.67 |      -127.67 |      -127.67
    99 |     5940 |  1.276667E+02 |  1.276667E+02 |      -127.67 |      -127.67 |      -127.67
   100 |     6000 |  1.276667E+02 |  1.276667E+02 |      -127.67 |      -127.67 |      -127.67
   101 |     6060 |  1.276667E+02 |  1.276667E+02 |      -127.67 |      -127.67 |      -127.67
   102 |     6120 |  1.276667E+02 |  1.276667E+02 |      -127.67 |      -127.67 |      -127.67
   103 |     6180 |  1.276667E+02 |  1.276667E+02 |      -127.67 |      -127.67 |      -127.67
   104 |     6240 |  1.276667E+02 |  1.276667E+02 |      -127.67 |      -127.67 |      -127.67
   105 |     6300 |  1.276667E+02 |  1.276667E+02 |      -127.67 |      -127.67 |      -127.67
   106 |     6360 |  1.276667E+02 |  1.276667E+02 |      -127.67 |      -127.67 |      -127.67
   107 |     6420 |  1.276667E+02 |  1.276667E+02 |      -127.67 |      -127.67 |      -127.67
   108 |     6480 |  1.276667E+02 |  1.276667E+02 |      -127.67 |      -127.67 |      -127.67
   109 |     6540 |  1.276667E+02 |  1.276667E+02 |      -127.67 |      -127.67 |      -127.67
   110 |     6600 |  1.276667E+02 |  1.276667E+02 |      -127.67 |      -127.67 |      -127.67
   111 |     6660 |  1.276667E+02 |  1.276667E+02 |      -127.67 |      -127.67 |      -127.67
   112 |     6720 |  1.276667E+02 |  1.276667E+02 |      -127.67 |      -127.67 |      -127.67
   113 |     6780 |  1.276667E+02 |  1.276667E+02 |      -127.67 |      -127.67 |      -127.67
   114 |     6840 |  1.276667E+02 |  1.276667E+02 |      -127.67 |      -127.67 |      -127.67
   115 |     6900 |  1.276667E+02 |  1.276667E+02 |      -127.67 |      -127.67 |      -127.67
   116 |     6960 |  1.276667E+02 |  1.276667E+02 |      -127.67 |      -127.67 |      -127.67
   117 |     7020 |  1.276667E+02 |  1.276667E+02 |      -127.67 |      -127.67 |      -127.67
   118 |     7080 |  1.276667E+02 |  1.276667E+02 |      -127.67 |      -127.67 |      -127.67
   119 |     7140 |  1.276667E+02 |  1.276667E+02 |      -127.67 |      -127.67 |      -127.67
   120 |     7200 |  1.276667E+02 |  1.276667E+02 |      -127.67 |      -127.67 |      -127.67
   121 |     7260 |  1.276667E+02 |  1.276667E+02 |      -127.67 |      -127.67 |      -127.67
   122 |     7320 |  1.276667E+02 |  1.276667E+02 |      -127.67 |      -127.67 |      -127.67
   123 |     7380 |  1.276667E+02 |  1.276667E+02 |      -127.67 |      -127.67 |      -127.67
   124 |     7440 |  1.276667E+02 |  1.276667E+02 |      -127.67 |      -127.67 |      -127.67
   125 |     7500 |  1.276667E+02 |  1.276667E+02 |      -127.67 |      -127.67 |      -127.67
   126 |     7560 |  1.276667E+02 |  1.276667E+02 |      -127.67 |      -127.67 |      -127.67
   127 |     7620 |  1.276667E+02 |  1.276667E+02 |      -127.67 |      -127.67 |      -127.67
   128 |     7680 |  1.276667E+02 |  1.276667E+02 |      -127.67 |      -127.67 |      -127.67
   129 |     7740 |  1.276667E+02 |  1.276667E+02 |      -127.67 |      -127.67 |      -127.67
   130 |     7800 |  1.276667E+02 |  1.276667E+02 |      -127.67 |      -127.67 |      -127.67
   131 |     7860 |  1.276667E+02 |  1.276667E+02 |      -127.67 |      -127.67 |      -127.67
   132 |     7920 |  1.276667E+02 |  1.276667E+02 |      -127.67 |      -127.67 |      -127.67
   133 |     7980 |  1.276667E+02 |  1.276667E+02 |      -127.67 |      -127.67 |      -127.67
   134 |     8040 |  1.276667E+02 |  1.276667E+02 |      -127.67 |      -127.67 |      -127.67
   135 |     8100 |  1.276667E+02 |  1.276667E+02 |      -127.67 |      -127.67 |      -127.67
   136 |     8160 |  1.276667E+02 |  1.276667E+02 |      -127.67 |      -127.67 |      -127.67
   137 |     8220 |  1.276667E+02 |  1.276667E+02 |      -127.67 |      -127.67 |      -127.67
   138 |     8280 |  1.276667E+02 |  1.276667E+02 |      -127.67 |      -127.67 |      -127.67
   139 |     8340 |  1.276667E+02 |  1.276667E+02 |      -127.67 |      -127.67 |      -127.67
   140 |     8400 |  1.276667E+02 |  1.276667E+02 |      -127.67 |      -127.67 |      -127.67
   141 |     8460 |  1.276667E+02 |  1.276667E+02 |      -127.67 |      -127.67 |      -127.67
   142 |     8520 |  1.276667E+02 |  1.276667E+02 |      -127.67 |      -127.67 |      -127.67
   143 |     8580 |  1.276667E+02 |  1.276667E+02 |      -127.67 |      -127.67 |      -127.67
   144 |     8640 |  1.276667E+02 |  1.276667E+02 |      -127.67 |      -127.67 |      -127.67
   145 |     8700 |  1.276667E+02 |  1.276667E+02 |      -127.67 |      -127.67 |      -127.67
   146 |     8760 |  1.276667E+02 |  1.276667E+02 |      -127.67 |      -127.67 |      -127.67
   147 |     8820 |  1.276667E+02 |  1.276667E+02 |      -127.67 |      -127.67 |      -127.67
   148 |     8880 |  1.276667E+02 |  1.276667E+02 |      -127.67 |      -127.67 |      -127.67
   149 |     8940 |  1.276667E+02 |  1.276667E+02 |      -127.67 |      -127.67 |      -127.67
   150 |     9000 |  1.276667E+02 |  1.276667E+02 |      -127.67 |      -127.67 |      -127.67
   151 |     9060 |  1.276667E+02 |  1.276667E+02 |      -127.67 |      -127.67 |      -127.67
   152 |     9120 |  1.276667E+02 |  1.276667E+02 |      -127.67 |      -127.67 |      -127.67
   153 |     9180 |  1.276667E+02 |  1.276667E+02 |      -127.67 |      -127.67 |      -127.67
   154 |     9240 |  1.276667E+02 |  1.276667E+02 |      -127.67 |      -127.67 |      -127.67
   155 |     9300 |  1.276667E+02 |  1.276667E+02 |      -127.67 |      -127.67 |      -127.67
   156 |     9360 |  1.276667E+02 |  1.276667E+02 |      -127.67 |      -127.67 |      -127.67
   157 |     9420 |  1.276667E+02 |  1.276667E+02 |      -127.67 |      -127.67 |      -127.67
   158 |     9480 |  1.276667E+02 |  1.276667E+02 |      -127.67 |      -127.67 |      -127.67
   159 |     9540 |  1.276667E+02 |  1.276667E+02 |      -127.67 |      -127.67 |      -127.67
   160 |     9600 |  1.276667E+02 |  1.276667E+02 |      -127.67 |      -127.67 |      -127.67
   161 |     9660 |  1.276667E+02 |  1.276667E+02 |      -127.67 |      -127.67 |      -127.67
   162 |     9720 |  1.276667E+02 |  1.276667E+02 |      -127.67 |      -127.67 |      -127.67
   163 |     9780 |  1.276667E+02 |  1.276667E+02 |      -127.67 |      -127.67 |      -127.67
   164 |     9840 |  1.276667E+02 |  1.276667E+02 |      -127.67 |      -127.67 |      -127.67
   165 |     9900 |  1.276667E+02 |  1.276667E+02 |      -127.67 |      -127.67 |      -127.67
   166 |     9960 |  1.276667E+02 |  1.276667E+02 |      -127.67 |      -127.67 |      -127.67
   167 |    10020 |  1.276667E+02 |  1.276667E+02 |      -127.67 |      -127.67 |      -127.67
   168 |    10080 |  1.276667E+02 |  1.276667E+02 |      -127.67 |      -127.67 |      -127.67
   169 |    10140 |  1.276667E+02 |  1.276667E+02 |      -127.67 |      -127.67 |      -127.67
   170 |    10200 |  1.276667E+02 |  1.276667E+02 |      -127.67 |      -127.67 |      -127.67
   171 |    10260 |  1.276667E+02 |  1.276667E+02 |      -127.67 |      -127.67 |      -127.67
   172 |    10320 |  1.276667E+02 |  1.276667E+02 |      -127.67 |      -127.67 |      -127.67
   173 |    10380 |  1.276667E+02 |  1.276667E+02 |      -127.67 |      -127.67 |      -127.67
   174 |    10440 |  1.276667E+02 |  1.276667E+02 |      -127.67 |      -127.67 |      -127.67
   175 |    10500 |  1.276667E+02 |  1.276667E+02 |      -127.67 |      -127.67 |      -127.67
   176 |    10560 |  1.276667E+02 |  1.276667E+02 |      -127.67 |      -127.67 |      -127.67
   177 |    10620 |  1.276667E+02 |  1.276667E+02 |      -127.67 |      -127.67 |      -127.67
   178 |    10680 |  1.276667E+02 |  1.276667E+02 |      -127.67 |      -127.67 |      -127.67
   179 |    10740 |  1.276667E+02 |  1.276667E+02 |      -127.67 |      -127.67 |      -127.67
   180 |    10800 |  1.276667E+02 |  1.276667E+02 |      -127.67 |      -127.67 |      -127.67
   181 |    10860 |  1.276667E+02 |  1.276667E+02 |      -127.67 |      -127.67 |      -127.67
   182 |    10920 |  1.276667E+02 |  1.276667E+02 |      -127.67 |      -127.67 |      -127.67
   183 |    10980 |  1.276667E+02 |  1.276667E+02 |      -127.67 |      -127.67 |      -127.67
   184 |    11040 |  1.276667E+02 |  1.276667E+02 |      -127.67 |      -127.67 |      -127.67
   185 |    11100 |  1.276667E+02 |  1.276667E+02 |      -127.67 |      -127.67 |      -127.67
   186 |    11160 |  1.276667E+02 |  1.276667E+02 |      -127.67 |      -127.67 |      -127.67
   187 |    11220 |  1.276667E+02 |  1.276667E+02 |      -127.67 |      -127.67 |      -127.67
   188 |    11280 |  1.276667E+02 |  1.276667E+02 |      -127.67 |      -127.67 |      -127.67
   189 |    11340 |  1.276667E+02 |  1.276667E+02 |      -127.67 |      -127.67 |      -127.67
   190 |    11400 |  1.276667E+02 |  1.276667E+02 |      -127.67 |      -127.67 |      -127.67
   191 |    11460 |  1.276667E+02 |  1.276667E+02 |      -127.67 |      -127.67 |      -127.67
   192 |    11520 |  1.276667E+02 |  1.276667E+02 |      -127.67 |      -127.67 |      -127.67
   193 |    11580 |  1.276667E+02 |  1.276667E+02 |      -127.67 |      -127.67 |      -127.67
   194 |    11640 |  1.276667E+02 |  1.276667E+02 |      -127.67 |      -127.67 |      -127.67
   195 |    11700 |  1.276667E+02 |  1.276667E+02 |      -127.67 |      -127.67 |      -127.67
   196 |    11760 |  1.276667E+02 |  1.276667E+02 |      -127.67 |      -127.67 |      -127.67
   197 |    11820 |  1.276667E+02 |  1.276667E+02 |      -127.67 |      -127.67 |      -127.67
   198 |    11880 |  1.276667E+02 |  1.276667E+02 |      -127.67 |      -127.67 |      -127.67
   199 |    11940 |  1.276667E+02 |  1.276667E+02 |      -127.67 |      -127.67 |      -127.67
   200 |    12000 |  1.276667E+02 |  1.276667E+02 |      -127.67 |      -127.67 |      -127.67
Model saved:
- PyTorch model: jobs/train-mountaincar-8ad2d957/mountaincar_best.pth
- Weights vector: jobs/train-mountaincar-8ad2d957/mountaincar_weights.npy
- Learning curve: jobs/train-mountaincar-8ad2d957/mountaincar_learning_curve.png

Training completed!
Best fitness: -127.67
Success threshold: -110
Training completed after 200 generations. Best fitness: -127.67

=== EVALUATING TRAINED AGENT ===
Testing trained agent without rendering:
Episode 1: reward = -137.0
Episode 2: reward = -138.0
Episode 3: reward = -137.0
Episode 4: reward = -113.0
Episode 5: reward = -140.0
Episode 6: reward = -113.0
Episode 7: reward = -140.0
Episode 8: reward = -116.0
Episode 9: reward = -134.0
Episode 10: reward = -198.0

Average reward over 10 episodes: -136.60
Standard deviation: 23.11

Not quite there yet. Average reward -136.60, threshold is -110
[Job Tracker] Promoted best artifacts to top-level: checkpoints/mountaincar_best.pth, checkpoints/mountaincar_weights.npy, checkpoints/mountaincar_learning_curve.png
Loaded PyTorch model from checkpoints/mountaincar_best.pth

=== RECORDING GIF ===
Recorded GIF (139 frames, reward=-138.00) -> assets/mountaincar.gif
